
Welcome to the Auction App!
Start entering transactions
To exit the application type 'exit'

Options:
	login
Transaction: User: 
Welcome admin!
User Type: AA
Available Credit: 100.00$

Options:
	logout
	create
	delete
	advertise
	bid
	refund
	addcredit
Transaction: New username: New username cannot be an already existing username!

Options:
	logout
	create
	delete
	advertise
	bid
	refund
	addcredit
Transaction: New username: New username cannot be a transaction code!

Options:
	logout
	create
	delete
	advertise
	bid
	refund
	addcredit
Transaction: New username: New username cannot be over 15 characters!

Options:
	logout
	create
	delete
	advertise
	bid
	refund
	addcredit
Transaction: New username: Type of user (admin, full-standard, buy-standard, sell-standard): Type of user cannot be other than the options listed!

Options:
	logout
	create
	delete
	advertise
	bid
	refund
	addcredit
Transaction: New username: Type of user (admin, full-standard, buy-standard, sell-standard): Credit amount: Credit amount must be a number between 0 and 999,999.99!

Options:
	logout
	create
	delete
	advertise
	bid
	refund
	addcredit
Transaction: New username: Type of user (admin, full-standard, buy-standard, sell-standard): Credit amount: Credit amount must be a number between 0 and 999,999.99!

Options:
	logout
	create
	delete
	advertise
	bid
	refund
	addcredit
Transaction: New username: Type of user (admin, full-standard, buy-standard, sell-standard): Credit amount: Credit amount must be a number between 0 and 999,999.99!

Options:
	logout
	create
	delete
	advertise
	bid
	refund
	addcredit
Transaction: New username: Type of user (admin, full-standard, buy-standard, sell-standard): Credit amount: Credit amount must be a number between 0 and 999,999.99!

Options:
	logout
	create
	delete
	advertise
	bid
	refund
	addcredit
Transaction: New username: Type of user (admin, full-standard, buy-standard, sell-standard): Credit amount: Credit amount can only have 2 decimal places!

Options:
	logout
	create
	delete
	advertise
	bid
	refund
	addcredit
Transaction: New username: Type of user (admin, full-standard, buy-standard, sell-standard): Credit amount: New user successfully created!

Options:
	logout
	create
	delete
	advertise
	bid
	refund
	addcredit
Transaction: 
Welcome to the Auction App!
Start entering transactions
To exit the application type 'exit'

Options:
	login
Transaction: Goodbye!
