
Welcome to the Auction App!
Start entering transactions
To exit the application type 'exit'

Options:
	login
Transaction: Transaction not in options!


Options:
	login
Transaction: User: User not in database!


Options:
	login
Transaction: User: 
Welcome admin!
User Type: AA
Available Credit: 100.00$

Options:
	logout
	create
	delete
	advertise
	bid
	refund
	addcredit
Transaction: Transaction not in options!


Options:
	logout
	create
	delete
	advertise
	bid
	refund
	addcredit
Transaction: 
Welcome to the Auction App!
Start entering transactions
To exit the application type 'exit'

Options:
	login
Transaction: User: 
Welcome user!
User Type: FS
Available Credit: 0.00$

Options:
	logout
	advertise
	bid
	addcredit
Transaction: Transaction not in options!


Options:
	logout
	advertise
	bid
	addcredit
Transaction: 
Welcome to the Auction App!
Start entering transactions
To exit the application type 'exit'

Options:
	login
Transaction: Transaction not in options!


Options:
	login
Transaction: Goodbye!
